{
  "version": "1.5.0",
  "plugins_used": [
    {
      "name": "ArtifactoryDetector"
    },
    {
      "name": "AWSKeyDetector"
    },
    {
      "name": "AzureStorageKeyDetector"
    },
    {
      "name": "Base64HighEntropyString",
      "limit": 4.5
    },
    {
      "name": "BasicAuthDetector"
    },
    {
      "name": "CloudantDetector"
    },
    {
      "name": "DiscordBotTokenDetector"
    },
    {
      "name": "GitHubTokenDetector"
    },
    {
      "name": "GitLabTokenDetector"
    },
    {
      "name": "HexHighEntropyString",
      "limit": 3.0
    },
    {
      "name": "IbmCloudIamDetector"
    },
    {
      "name": "IbmCosHmacDetector"
    },
    {
      "name": "IPPublicDetector"
    },
    {
      "name": "JwtTokenDetector"
    },
    {
      "name": "KeywordDetector",
      "keyword_exclude": ""
    },
    {
      "name": "MailchimpDetector"
    },
    {
      "name": "NpmDetector"
    },
    {
      "name": "OpenAIDetector"
    },
    {
      "name": "PrivateKeyDetector"
    },
    {
      "name": "PypiTokenDetector"
    },
    {
      "name": "SendGridDetector"
    },
    {
      "name": "SlackDetector"
    },
    {
      "name": "SoftlayerDetector"
    },
    {
      "name": "SquareOAuthDetector"
    },
    {
      "name": "StripeDetector"
    },
    {
      "name": "TelegramBotTokenDetector"
    },
    {
      "name": "TwilioKeyDetector"
    }
  ],
  "filters_used": [
    {
      "path": "detect_secrets.filters.allowlist.is_line_allowlisted"
    },
    {
      "path": "detect_secrets.filters.common.is_baseline_file",
      "filename": ".secrets.baseline"
    },
    {
      "path": "detect_secrets.filters.common.is_ignored_due_to_verification_policies",
      "min_level": 2
    },
    {
      "path": "detect_secrets.filters.heuristic.is_indirect_reference"
    },
    {
      "path": "detect_secrets.filters.heuristic.is_likely_id_string"
    },
    {
      "path": "detect_secrets.filters.heuristic.is_lock_file"
    },
    {
      "path": "detect_secrets.filters.heuristic.is_not_alphanumeric_string"
    },
    {
      "path": "detect_secrets.filters.heuristic.is_potential_uuid"
    },
    {
      "path": "detect_secrets.filters.heuristic.is_prefixed_with_dollar_sign"
    },
    {
      "path": "detect_secrets.filters.heuristic.is_sequential_string"
    },
    {
      "path": "detect_secrets.filters.heuristic.is_swagger_file"
    },
    {
      "path": "detect_secrets.filters.heuristic.is_templated_secret"
    },
    {
      "path": "detect_secrets.filters.regex.should_exclude_file",
      "pattern": [
        "(node_modules|\\.venv|\\.git|dist|\\.pytest_cache)"
      ]
    }
  ],
  "results": {
    "artifacts/evals/latest/DATASET_MANIFEST.json": [
      {
        "type": "Hex High Entropy String",
        "filename": "artifacts/evals/latest/DATASET_MANIFEST.json",
        "hashed_secret": "07689e1cca40c1a91c4928bd4391f8db5cd6e7f6",
        "is_verified": false,
        "line_number": 3
      }
    ],
    "artifacts/evals/latest/summary.json": [
      {
        "type": "Hex High Entropy String",
        "filename": "artifacts/evals/latest/summary.json",
        "hashed_secret": "07689e1cca40c1a91c4928bd4391f8db5cd6e7f6",
        "is_verified": false,
        "line_number": 6
      }
    ],
    "artifacts/model_cards/current/model_manifest.json": [
      {
        "type": "Hex High Entropy String",
        "filename": "artifacts/model_cards/current/model_manifest.json",
        "hashed_secret": "07689e1cca40c1a91c4928bd4391f8db5cd6e7f6",
        "is_verified": false,
        "line_number": 6
      },
      {
        "type": "Hex High Entropy String",
        "filename": "artifacts/model_cards/current/model_manifest.json",
        "hashed_secret": "71da11ff8a86ccaeeb8f91dfb30d34a0af4ff4b7",
        "is_verified": false,
        "line_number": 8
      },
      {
        "type": "Hex High Entropy String",
        "filename": "artifacts/model_cards/current/model_manifest.json",
        "hashed_secret": "68a519dddbfe3048e46855f869c9a549de6edf91",
        "is_verified": false,
        "line_number": 9
      },
      {
        "type": "Hex High Entropy String",
        "filename": "artifacts/model_cards/current/model_manifest.json",
        "hashed_secret": "7e5dff0d5246528cef25e39c50af743bffd28ee6",
        "is_verified": false,
        "line_number": 10
      },
      {
        "type": "Hex High Entropy String",
        "filename": "artifacts/model_cards/current/model_manifest.json",
        "hashed_secret": "f2e086ff36beb6e4919ee3f06288ad381a23b4da",
        "is_verified": false,
        "line_number": 11
      }
    ],
    "data/samples/sample_events.json": [
      {
        "type": "Base64 High Entropy String",
        "filename": "data/samples/sample_events.json",
        "hashed_secret": "904502b814477edaac01be8bdbc81f02afbf48e2",
        "is_verified": false,
        "line_number": 24
      },
      {
        "type": "Base64 High Entropy String",
        "filename": "data/samples/sample_events.json",
        "hashed_secret": "77f820f55d9176f64a4c32caee2f63af16b0d10b",
        "is_verified": false,
        "line_number": 54
      },
      {
        "type": "Base64 High Entropy String",
        "filename": "data/samples/sample_events.json",
        "hashed_secret": "401f417518cb19091bf1b6b9cd28601df6f20857",
        "is_verified": false,
        "line_number": 84
      },
      {
        "type": "Base64 High Entropy String",
        "filename": "data/samples/sample_events.json",
        "hashed_secret": "470979b9d35ffdf48e20373673bb402990d9b7fd",
        "is_verified": false,
        "line_number": 114
      },
      {
        "type": "Base64 High Entropy String",
        "filename": "data/samples/sample_events.json",
        "hashed_secret": "0ca2601e3e78281190f845b33626aa89932acf5d",
        "is_verified": false,
        "line_number": 144
      },
      {
        "type": "Base64 High Entropy String",
        "filename": "data/samples/sample_events.json",
        "hashed_secret": "c2b9b87e826bcf18ad6ae21217fe8193591f6e93",
        "is_verified": false,
        "line_number": 174
      },
      {
        "type": "Base64 High Entropy String",
        "filename": "data/samples/sample_events.json",
        "hashed_secret": "6daf21ca8f5d14e864104186d373a9c6c8064ed4",
        "is_verified": false,
        "line_number": 204
      },
      {
        "type": "Base64 High Entropy String",
        "filename": "data/samples/sample_events.json",
        "hashed_secret": "6b184717eb269548120bad4bd4224b690820e507",
        "is_verified": false,
        "line_number": 234
      },
      {
        "type": "Base64 High Entropy String",
        "filename": "data/samples/sample_events.json",
        "hashed_secret": "5ac64c1e25c60409a9a76545f40e1d57f0f60778",
        "is_verified": false,
        "line_number": 264
      },
      {
        "type": "Base64 High Entropy String",
        "filename": "data/samples/sample_events.json",
        "hashed_secret": "b0dddb79897f974805c805a3d68cd412375331ca",
        "is_verified": false,
        "line_number": 294
      },
      {
        "type": "Base64 High Entropy String",
        "filename": "data/samples/sample_events.json",
        "hashed_secret": "9ca974f915580653658ba84ebdc9af80e4c6995d",
        "is_verified": false,
        "line_number": 324
      },
      {
        "type": "Base64 High Entropy String",
        "filename": "data/samples/sample_events.json",
        "hashed_secret": "6d1026982a5c2343d18157570205d52f9814db6a",
        "is_verified": false,
        "line_number": 354
      },
      {
        "type": "Base64 High Entropy String",
        "filename": "data/samples/sample_events.json",
        "hashed_secret": "4413dd64a8e72f1b98d4a05a0977fcf1011a5b61",
        "is_verified": false,
        "line_number": 384
      },
      {
        "type": "Base64 High Entropy String",
        "filename": "data/samples/sample_events.json",
        "hashed_secret": "e7d3ea3fe7ab7bb3444b0fe659a3f381a567a201",
        "is_verified": false,
        "line_number": 445
      },
      {
        "type": "Base64 High Entropy String",
        "filename": "data/samples/sample_events.json",
        "hashed_secret": "54775ab483e9d83965e09d32c2b7a473fce4f17a",
        "is_verified": false,
        "line_number": 475
      },
      {
        "type": "Base64 High Entropy String",
        "filename": "data/samples/sample_events.json",
        "hashed_secret": "480cf0b304eb7d5d5a6e34834c05c7b0e5c24538",
        "is_verified": false,
        "line_number": 505
      },
      {
        "type": "Base64 High Entropy String",
        "filename": "data/samples/sample_events.json",
        "hashed_secret": "786be652ff819fc538ee6a1013827ccf61a4fee4",
        "is_verified": false,
        "line_number": 535
      },
      {
        "type": "Base64 High Entropy String",
        "filename": "data/samples/sample_events.json",
        "hashed_secret": "e1f7a4da965080426208ec8230167f67a813b869",
        "is_verified": false,
        "line_number": 596
      },
      {
        "type": "Base64 High Entropy String",
        "filename": "data/samples/sample_events.json",
        "hashed_secret": "d04f8bb325037a628f0f6eb26e336da04952309c",
        "is_verified": false,
        "line_number": 626
      },
      {
        "type": "Base64 High Entropy String",
        "filename": "data/samples/sample_events.json",
        "hashed_secret": "5aa17c3abae8e70a99fe711345840900878d1a7d",
        "is_verified": false,
        "line_number": 656
      },
      {
        "type": "Base64 High Entropy String",
        "filename": "data/samples/sample_events.json",
        "hashed_secret": "5f936374016d65885da6d63c3b9501f1f121a70b",
        "is_verified": false,
        "line_number": 686
      },
      {
        "type": "Base64 High Entropy String",
        "filename": "data/samples/sample_events.json",
        "hashed_secret": "bc3cce09d384c7603ef2d010a6a11bd023728244",
        "is_verified": false,
        "line_number": 716
      }
    ]
  },
  "generated_at": "2026-08-25T07:56:16Z"
}
